// Jest Snapshot v1, https://goo.gl/fbAQLP

exports[`header render 1`] = `
ShallowWrapper {
  "length": 1,
  Symbol(enzyme.__root__): [Circular],
  Symbol(enzyme.__unrendered__): <Header />,
  Symbol(enzyme.__renderer__): Object {
    "batchedUpdates": [Function],
    "getNode": [Function],
    "render": [Function],
    "simulateEvent": [Function],
    "unmount": [Function],
  },
  Symbol(enzyme.__node__): Object {
    "instance": null,
    "key": undefined,
    "nodeType": "host",
    "props": Object {
      "children": Array [
        <Link
          replace={false}
          to="/"
        >
          <svg
            className="header__logo"
            version="1.1"
            viewBox="0 0 130 130"
            x="0px"
            y="0px"
          >
            <g>
              <path
                className="header__logo-path"
                d="M126.591,97.459L76.709,9.571c-0.01-0.016-0.021-0.029-0.03-0.045c-0.013-0.019-0.025-0.038-0.038-0.057   c-0.031-0.043-0.064-0.083-0.1-0.122c-0.01-0.01-0.017-0.022-0.027-0.033c-0.004-0.004-0.01-0.007-0.013-0.011   c-0.058-0.056-0.122-0.102-0.188-0.145c-0.242-0.156-0.534-0.227-0.83-0.18L54.275,12.3c-0.349,0.055-0.657,0.261-0.839,0.564   L1.453,99.014c-0.03,0.05-0.055,0.102-0.077,0.154c-0.001,0.002-0.002,0.005-0.004,0.008c-0.027,0.066-0.047,0.135-0.063,0.205   c-0.004,0.021-0.007,0.041-0.01,0.063c-0.008,0.049-0.014,0.098-0.015,0.147c0,0.015-0.004,0.028-0.004,0.043   c0,0.013,0.003,0.024,0.004,0.036c0.001,0.051,0.007,0.102,0.016,0.151c0.003,0.019,0.003,0.038,0.007,0.058   c0.015,0.068,0.035,0.134,0.061,0.198c0.007,0.019,0.017,0.036,0.025,0.054c0.021,0.047,0.045,0.092,0.072,0.135   c0.014,0.022,0.029,0.045,0.045,0.066c0.002,0.004,0.005,0.006,0.008,0.01c0.008,0.013,0.016,0.025,0.024,0.037l13.316,16.665   c0.225,0.282,0.563,0.727,0.924,0.729l101.706,1.262c0,0,0.001,0,0.002,0c0.003,0,0.006,0,0.01,0c0.012,0,0.025-0.281,0.038-0.281   c0.057-0.002,0.113-0.147,0.169-0.157c0.023-0.004,0.047-0.08,0.07-0.086c0.048-0.012,0.096-0.061,0.142-0.077   c0.021-0.008,0.04-0.032,0.06-0.041c0.064-0.027,0.127-0.068,0.186-0.107c0,0,0.001-0.006,0.002-0.006   c0.058-0.039,0.109-0.086,0.16-0.135c0.002,0,0.002-0.003,0.004-0.004c0.006-0.005,0.012-0.008,0.016-0.014   c0.008-0.008,0.014-0.017,0.021-0.025c0.001-0.001,0.003-0.002,0.003-0.003c0.037-0.04,0.072-0.081,0.104-0.126   c0.01-0.015-0.077-0.029-0.066-0.045c0.033-0.051-0.012-0.104-0.012-0.16v-0.001c0.398-0.009,0.107-0.016,0.111-0.024l8.098-19.23   C126.748,98.17,126.773,97.781,126.591,97.459z M116.756,115.954l-0.018,0.044l-0.032,0.076l-100.332-1.041L4.144,99.652   l84.458,0.965c0.123,0,0.248-0.03,0.369-0.078c0.041-0.016,0.082-0.027,0.121-0.049c0.47-0.264,0.637-0.859,0.373-1.33l-0.012-0.02   l-22.188-39.02l0.016-0.024l-0.094-0.025l7.938-13.802l41.508,69.699l0.066-0.022l0.031-0.007L76.096,43.472   c-0.088-0.156-0.213-0.288-0.379-0.385c-0.5-0.294-1.143-0.127-1.436,0.374l-0.01,0.018L51.742,82.035h-0.005l-0.093,0.188   l-16.426,0.111l39.704-70.842l-0.049,0.007l-42.44,71.395c-0.052,0.089-0.091,0.161-0.117,0.241   c-0.02,0.063-0.032,0.477-0.033,0.561c-0.004,0.592,0.472,1.34,1.063,1.34h0.021l44.92-0.186l0.249,0.186h0.03l8.27,13.791   L4,99.424L55.196,14.58l19.662-3.079l0.015-0.002l0.05-0.008l0.113-0.018l49.182,86.655L116.756,115.954z M77.186,82.035H54.505   L65.91,62.278L77.186,82.035z"
              />
              <polygon
                points="51.737,82.24 64.793,59.625 64.796,59.618 64.851,59.522 51.737,82.24"
              />
            </g>
          </svg>
        </Link>,
        <withRouter(Nav)
          paths={undefined}
          specifier=""
        />,
      ],
      "className": "header",
    },
    "ref": null,
    "rendered": Array [
      Object {
        "instance": null,
        "key": undefined,
        "nodeType": "class",
        "props": Object {
          "children": <svg
            className="header__logo"
            version="1.1"
            viewBox="0 0 130 130"
            x="0px"
            y="0px"
          >
            <g>
              <path
                className="header__logo-path"
                d="M126.591,97.459L76.709,9.571c-0.01-0.016-0.021-0.029-0.03-0.045c-0.013-0.019-0.025-0.038-0.038-0.057   c-0.031-0.043-0.064-0.083-0.1-0.122c-0.01-0.01-0.017-0.022-0.027-0.033c-0.004-0.004-0.01-0.007-0.013-0.011   c-0.058-0.056-0.122-0.102-0.188-0.145c-0.242-0.156-0.534-0.227-0.83-0.18L54.275,12.3c-0.349,0.055-0.657,0.261-0.839,0.564   L1.453,99.014c-0.03,0.05-0.055,0.102-0.077,0.154c-0.001,0.002-0.002,0.005-0.004,0.008c-0.027,0.066-0.047,0.135-0.063,0.205   c-0.004,0.021-0.007,0.041-0.01,0.063c-0.008,0.049-0.014,0.098-0.015,0.147c0,0.015-0.004,0.028-0.004,0.043   c0,0.013,0.003,0.024,0.004,0.036c0.001,0.051,0.007,0.102,0.016,0.151c0.003,0.019,0.003,0.038,0.007,0.058   c0.015,0.068,0.035,0.134,0.061,0.198c0.007,0.019,0.017,0.036,0.025,0.054c0.021,0.047,0.045,0.092,0.072,0.135   c0.014,0.022,0.029,0.045,0.045,0.066c0.002,0.004,0.005,0.006,0.008,0.01c0.008,0.013,0.016,0.025,0.024,0.037l13.316,16.665   c0.225,0.282,0.563,0.727,0.924,0.729l101.706,1.262c0,0,0.001,0,0.002,0c0.003,0,0.006,0,0.01,0c0.012,0,0.025-0.281,0.038-0.281   c0.057-0.002,0.113-0.147,0.169-0.157c0.023-0.004,0.047-0.08,0.07-0.086c0.048-0.012,0.096-0.061,0.142-0.077   c0.021-0.008,0.04-0.032,0.06-0.041c0.064-0.027,0.127-0.068,0.186-0.107c0,0,0.001-0.006,0.002-0.006   c0.058-0.039,0.109-0.086,0.16-0.135c0.002,0,0.002-0.003,0.004-0.004c0.006-0.005,0.012-0.008,0.016-0.014   c0.008-0.008,0.014-0.017,0.021-0.025c0.001-0.001,0.003-0.002,0.003-0.003c0.037-0.04,0.072-0.081,0.104-0.126   c0.01-0.015-0.077-0.029-0.066-0.045c0.033-0.051-0.012-0.104-0.012-0.16v-0.001c0.398-0.009,0.107-0.016,0.111-0.024l8.098-19.23   C126.748,98.17,126.773,97.781,126.591,97.459z M116.756,115.954l-0.018,0.044l-0.032,0.076l-100.332-1.041L4.144,99.652   l84.458,0.965c0.123,0,0.248-0.03,0.369-0.078c0.041-0.016,0.082-0.027,0.121-0.049c0.47-0.264,0.637-0.859,0.373-1.33l-0.012-0.02   l-22.188-39.02l0.016-0.024l-0.094-0.025l7.938-13.802l41.508,69.699l0.066-0.022l0.031-0.007L76.096,43.472   c-0.088-0.156-0.213-0.288-0.379-0.385c-0.5-0.294-1.143-0.127-1.436,0.374l-0.01,0.018L51.742,82.035h-0.005l-0.093,0.188   l-16.426,0.111l39.704-70.842l-0.049,0.007l-42.44,71.395c-0.052,0.089-0.091,0.161-0.117,0.241   c-0.02,0.063-0.032,0.477-0.033,0.561c-0.004,0.592,0.472,1.34,1.063,1.34h0.021l44.92-0.186l0.249,0.186h0.03l8.27,13.791   L4,99.424L55.196,14.58l19.662-3.079l0.015-0.002l0.05-0.008l0.113-0.018l49.182,86.655L116.756,115.954z M77.186,82.035H54.505   L65.91,62.278L77.186,82.035z"
              />
              <polygon
                points="51.737,82.24 64.793,59.625 64.796,59.618 64.851,59.522 51.737,82.24"
              />
            </g>
          </svg>,
          "replace": false,
          "to": "/",
        },
        "ref": null,
        "rendered": Object {
          "instance": null,
          "key": undefined,
          "nodeType": "host",
          "props": Object {
            "children": <g>
              <path
                className="header__logo-path"
                d="M126.591,97.459L76.709,9.571c-0.01-0.016-0.021-0.029-0.03-0.045c-0.013-0.019-0.025-0.038-0.038-0.057   c-0.031-0.043-0.064-0.083-0.1-0.122c-0.01-0.01-0.017-0.022-0.027-0.033c-0.004-0.004-0.01-0.007-0.013-0.011   c-0.058-0.056-0.122-0.102-0.188-0.145c-0.242-0.156-0.534-0.227-0.83-0.18L54.275,12.3c-0.349,0.055-0.657,0.261-0.839,0.564   L1.453,99.014c-0.03,0.05-0.055,0.102-0.077,0.154c-0.001,0.002-0.002,0.005-0.004,0.008c-0.027,0.066-0.047,0.135-0.063,0.205   c-0.004,0.021-0.007,0.041-0.01,0.063c-0.008,0.049-0.014,0.098-0.015,0.147c0,0.015-0.004,0.028-0.004,0.043   c0,0.013,0.003,0.024,0.004,0.036c0.001,0.051,0.007,0.102,0.016,0.151c0.003,0.019,0.003,0.038,0.007,0.058   c0.015,0.068,0.035,0.134,0.061,0.198c0.007,0.019,0.017,0.036,0.025,0.054c0.021,0.047,0.045,0.092,0.072,0.135   c0.014,0.022,0.029,0.045,0.045,0.066c0.002,0.004,0.005,0.006,0.008,0.01c0.008,0.013,0.016,0.025,0.024,0.037l13.316,16.665   c0.225,0.282,0.563,0.727,0.924,0.729l101.706,1.262c0,0,0.001,0,0.002,0c0.003,0,0.006,0,0.01,0c0.012,0,0.025-0.281,0.038-0.281   c0.057-0.002,0.113-0.147,0.169-0.157c0.023-0.004,0.047-0.08,0.07-0.086c0.048-0.012,0.096-0.061,0.142-0.077   c0.021-0.008,0.04-0.032,0.06-0.041c0.064-0.027,0.127-0.068,0.186-0.107c0,0,0.001-0.006,0.002-0.006   c0.058-0.039,0.109-0.086,0.16-0.135c0.002,0,0.002-0.003,0.004-0.004c0.006-0.005,0.012-0.008,0.016-0.014   c0.008-0.008,0.014-0.017,0.021-0.025c0.001-0.001,0.003-0.002,0.003-0.003c0.037-0.04,0.072-0.081,0.104-0.126   c0.01-0.015-0.077-0.029-0.066-0.045c0.033-0.051-0.012-0.104-0.012-0.16v-0.001c0.398-0.009,0.107-0.016,0.111-0.024l8.098-19.23   C126.748,98.17,126.773,97.781,126.591,97.459z M116.756,115.954l-0.018,0.044l-0.032,0.076l-100.332-1.041L4.144,99.652   l84.458,0.965c0.123,0,0.248-0.03,0.369-0.078c0.041-0.016,0.082-0.027,0.121-0.049c0.47-0.264,0.637-0.859,0.373-1.33l-0.012-0.02   l-22.188-39.02l0.016-0.024l-0.094-0.025l7.938-13.802l41.508,69.699l0.066-0.022l0.031-0.007L76.096,43.472   c-0.088-0.156-0.213-0.288-0.379-0.385c-0.5-0.294-1.143-0.127-1.436,0.374l-0.01,0.018L51.742,82.035h-0.005l-0.093,0.188   l-16.426,0.111l39.704-70.842l-0.049,0.007l-42.44,71.395c-0.052,0.089-0.091,0.161-0.117,0.241   c-0.02,0.063-0.032,0.477-0.033,0.561c-0.004,0.592,0.472,1.34,1.063,1.34h0.021l44.92-0.186l0.249,0.186h0.03l8.27,13.791   L4,99.424L55.196,14.58l19.662-3.079l0.015-0.002l0.05-0.008l0.113-0.018l49.182,86.655L116.756,115.954z M77.186,82.035H54.505   L65.91,62.278L77.186,82.035z"
              />
              <polygon
                points="51.737,82.24 64.793,59.625 64.796,59.618 64.851,59.522 51.737,82.24"
              />
            </g>,
            "className": "header__logo",
            "version": "1.1",
            "viewBox": "0 0 130 130",
            "x": "0px",
            "y": "0px",
          },
          "ref": null,
          "rendered": Object {
            "instance": null,
            "key": undefined,
            "nodeType": "host",
            "props": Object {
              "children": Array [
                <path
                  className="header__logo-path"
                  d="M126.591,97.459L76.709,9.571c-0.01-0.016-0.021-0.029-0.03-0.045c-0.013-0.019-0.025-0.038-0.038-0.057   c-0.031-0.043-0.064-0.083-0.1-0.122c-0.01-0.01-0.017-0.022-0.027-0.033c-0.004-0.004-0.01-0.007-0.013-0.011   c-0.058-0.056-0.122-0.102-0.188-0.145c-0.242-0.156-0.534-0.227-0.83-0.18L54.275,12.3c-0.349,0.055-0.657,0.261-0.839,0.564   L1.453,99.014c-0.03,0.05-0.055,0.102-0.077,0.154c-0.001,0.002-0.002,0.005-0.004,0.008c-0.027,0.066-0.047,0.135-0.063,0.205   c-0.004,0.021-0.007,0.041-0.01,0.063c-0.008,0.049-0.014,0.098-0.015,0.147c0,0.015-0.004,0.028-0.004,0.043   c0,0.013,0.003,0.024,0.004,0.036c0.001,0.051,0.007,0.102,0.016,0.151c0.003,0.019,0.003,0.038,0.007,0.058   c0.015,0.068,0.035,0.134,0.061,0.198c0.007,0.019,0.017,0.036,0.025,0.054c0.021,0.047,0.045,0.092,0.072,0.135   c0.014,0.022,0.029,0.045,0.045,0.066c0.002,0.004,0.005,0.006,0.008,0.01c0.008,0.013,0.016,0.025,0.024,0.037l13.316,16.665   c0.225,0.282,0.563,0.727,0.924,0.729l101.706,1.262c0,0,0.001,0,0.002,0c0.003,0,0.006,0,0.01,0c0.012,0,0.025-0.281,0.038-0.281   c0.057-0.002,0.113-0.147,0.169-0.157c0.023-0.004,0.047-0.08,0.07-0.086c0.048-0.012,0.096-0.061,0.142-0.077   c0.021-0.008,0.04-0.032,0.06-0.041c0.064-0.027,0.127-0.068,0.186-0.107c0,0,0.001-0.006,0.002-0.006   c0.058-0.039,0.109-0.086,0.16-0.135c0.002,0,0.002-0.003,0.004-0.004c0.006-0.005,0.012-0.008,0.016-0.014   c0.008-0.008,0.014-0.017,0.021-0.025c0.001-0.001,0.003-0.002,0.003-0.003c0.037-0.04,0.072-0.081,0.104-0.126   c0.01-0.015-0.077-0.029-0.066-0.045c0.033-0.051-0.012-0.104-0.012-0.16v-0.001c0.398-0.009,0.107-0.016,0.111-0.024l8.098-19.23   C126.748,98.17,126.773,97.781,126.591,97.459z M116.756,115.954l-0.018,0.044l-0.032,0.076l-100.332-1.041L4.144,99.652   l84.458,0.965c0.123,0,0.248-0.03,0.369-0.078c0.041-0.016,0.082-0.027,0.121-0.049c0.47-0.264,0.637-0.859,0.373-1.33l-0.012-0.02   l-22.188-39.02l0.016-0.024l-0.094-0.025l7.938-13.802l41.508,69.699l0.066-0.022l0.031-0.007L76.096,43.472   c-0.088-0.156-0.213-0.288-0.379-0.385c-0.5-0.294-1.143-0.127-1.436,0.374l-0.01,0.018L51.742,82.035h-0.005l-0.093,0.188   l-16.426,0.111l39.704-70.842l-0.049,0.007l-42.44,71.395c-0.052,0.089-0.091,0.161-0.117,0.241   c-0.02,0.063-0.032,0.477-0.033,0.561c-0.004,0.592,0.472,1.34,1.063,1.34h0.021l44.92-0.186l0.249,0.186h0.03l8.27,13.791   L4,99.424L55.196,14.58l19.662-3.079l0.015-0.002l0.05-0.008l0.113-0.018l49.182,86.655L116.756,115.954z M77.186,82.035H54.505   L65.91,62.278L77.186,82.035z"
                />,
                <polygon
                  points="51.737,82.24 64.793,59.625 64.796,59.618 64.851,59.522 51.737,82.24"
                />,
              ],
            },
            "ref": null,
            "rendered": Array [
              Object {
                "instance": null,
                "key": undefined,
                "nodeType": "host",
                "props": Object {
                  "className": "header__logo-path",
                  "d": "M126.591,97.459L76.709,9.571c-0.01-0.016-0.021-0.029-0.03-0.045c-0.013-0.019-0.025-0.038-0.038-0.057   c-0.031-0.043-0.064-0.083-0.1-0.122c-0.01-0.01-0.017-0.022-0.027-0.033c-0.004-0.004-0.01-0.007-0.013-0.011   c-0.058-0.056-0.122-0.102-0.188-0.145c-0.242-0.156-0.534-0.227-0.83-0.18L54.275,12.3c-0.349,0.055-0.657,0.261-0.839,0.564   L1.453,99.014c-0.03,0.05-0.055,0.102-0.077,0.154c-0.001,0.002-0.002,0.005-0.004,0.008c-0.027,0.066-0.047,0.135-0.063,0.205   c-0.004,0.021-0.007,0.041-0.01,0.063c-0.008,0.049-0.014,0.098-0.015,0.147c0,0.015-0.004,0.028-0.004,0.043   c0,0.013,0.003,0.024,0.004,0.036c0.001,0.051,0.007,0.102,0.016,0.151c0.003,0.019,0.003,0.038,0.007,0.058   c0.015,0.068,0.035,0.134,0.061,0.198c0.007,0.019,0.017,0.036,0.025,0.054c0.021,0.047,0.045,0.092,0.072,0.135   c0.014,0.022,0.029,0.045,0.045,0.066c0.002,0.004,0.005,0.006,0.008,0.01c0.008,0.013,0.016,0.025,0.024,0.037l13.316,16.665   c0.225,0.282,0.563,0.727,0.924,0.729l101.706,1.262c0,0,0.001,0,0.002,0c0.003,0,0.006,0,0.01,0c0.012,0,0.025-0.281,0.038-0.281   c0.057-0.002,0.113-0.147,0.169-0.157c0.023-0.004,0.047-0.08,0.07-0.086c0.048-0.012,0.096-0.061,0.142-0.077   c0.021-0.008,0.04-0.032,0.06-0.041c0.064-0.027,0.127-0.068,0.186-0.107c0,0,0.001-0.006,0.002-0.006   c0.058-0.039,0.109-0.086,0.16-0.135c0.002,0,0.002-0.003,0.004-0.004c0.006-0.005,0.012-0.008,0.016-0.014   c0.008-0.008,0.014-0.017,0.021-0.025c0.001-0.001,0.003-0.002,0.003-0.003c0.037-0.04,0.072-0.081,0.104-0.126   c0.01-0.015-0.077-0.029-0.066-0.045c0.033-0.051-0.012-0.104-0.012-0.16v-0.001c0.398-0.009,0.107-0.016,0.111-0.024l8.098-19.23   C126.748,98.17,126.773,97.781,126.591,97.459z M116.756,115.954l-0.018,0.044l-0.032,0.076l-100.332-1.041L4.144,99.652   l84.458,0.965c0.123,0,0.248-0.03,0.369-0.078c0.041-0.016,0.082-0.027,0.121-0.049c0.47-0.264,0.637-0.859,0.373-1.33l-0.012-0.02   l-22.188-39.02l0.016-0.024l-0.094-0.025l7.938-13.802l41.508,69.699l0.066-0.022l0.031-0.007L76.096,43.472   c-0.088-0.156-0.213-0.288-0.379-0.385c-0.5-0.294-1.143-0.127-1.436,0.374l-0.01,0.018L51.742,82.035h-0.005l-0.093,0.188   l-16.426,0.111l39.704-70.842l-0.049,0.007l-42.44,71.395c-0.052,0.089-0.091,0.161-0.117,0.241   c-0.02,0.063-0.032,0.477-0.033,0.561c-0.004,0.592,0.472,1.34,1.063,1.34h0.021l44.92-0.186l0.249,0.186h0.03l8.27,13.791   L4,99.424L55.196,14.58l19.662-3.079l0.015-0.002l0.05-0.008l0.113-0.018l49.182,86.655L116.756,115.954z M77.186,82.035H54.505   L65.91,62.278L77.186,82.035z",
                },
                "ref": null,
                "rendered": null,
                "type": "path",
              },
              Object {
                "instance": null,
                "key": undefined,
                "nodeType": "host",
                "props": Object {
                  "points": "51.737,82.24 64.793,59.625 64.796,59.618 64.851,59.522 51.737,82.24",
                },
                "ref": null,
                "rendered": null,
                "type": "polygon",
              },
            ],
            "type": "g",
          },
          "type": "svg",
        },
        "type": [Function],
      },
      Object {
        "instance": null,
        "key": undefined,
        "nodeType": "function",
        "props": Object {
          "paths": undefined,
          "specifier": "",
        },
        "ref": null,
        "rendered": null,
        "type": [Function],
      },
    ],
    "type": "header",
  },
  Symbol(enzyme.__nodes__): Array [
    Object {
      "instance": null,
      "key": undefined,
      "nodeType": "host",
      "props": Object {
        "children": Array [
          <Link
            replace={false}
            to="/"
          >
            <svg
              className="header__logo"
              version="1.1"
              viewBox="0 0 130 130"
              x="0px"
              y="0px"
            >
              <g>
                <path
                  className="header__logo-path"
                  d="M126.591,97.459L76.709,9.571c-0.01-0.016-0.021-0.029-0.03-0.045c-0.013-0.019-0.025-0.038-0.038-0.057   c-0.031-0.043-0.064-0.083-0.1-0.122c-0.01-0.01-0.017-0.022-0.027-0.033c-0.004-0.004-0.01-0.007-0.013-0.011   c-0.058-0.056-0.122-0.102-0.188-0.145c-0.242-0.156-0.534-0.227-0.83-0.18L54.275,12.3c-0.349,0.055-0.657,0.261-0.839,0.564   L1.453,99.014c-0.03,0.05-0.055,0.102-0.077,0.154c-0.001,0.002-0.002,0.005-0.004,0.008c-0.027,0.066-0.047,0.135-0.063,0.205   c-0.004,0.021-0.007,0.041-0.01,0.063c-0.008,0.049-0.014,0.098-0.015,0.147c0,0.015-0.004,0.028-0.004,0.043   c0,0.013,0.003,0.024,0.004,0.036c0.001,0.051,0.007,0.102,0.016,0.151c0.003,0.019,0.003,0.038,0.007,0.058   c0.015,0.068,0.035,0.134,0.061,0.198c0.007,0.019,0.017,0.036,0.025,0.054c0.021,0.047,0.045,0.092,0.072,0.135   c0.014,0.022,0.029,0.045,0.045,0.066c0.002,0.004,0.005,0.006,0.008,0.01c0.008,0.013,0.016,0.025,0.024,0.037l13.316,16.665   c0.225,0.282,0.563,0.727,0.924,0.729l101.706,1.262c0,0,0.001,0,0.002,0c0.003,0,0.006,0,0.01,0c0.012,0,0.025-0.281,0.038-0.281   c0.057-0.002,0.113-0.147,0.169-0.157c0.023-0.004,0.047-0.08,0.07-0.086c0.048-0.012,0.096-0.061,0.142-0.077   c0.021-0.008,0.04-0.032,0.06-0.041c0.064-0.027,0.127-0.068,0.186-0.107c0,0,0.001-0.006,0.002-0.006   c0.058-0.039,0.109-0.086,0.16-0.135c0.002,0,0.002-0.003,0.004-0.004c0.006-0.005,0.012-0.008,0.016-0.014   c0.008-0.008,0.014-0.017,0.021-0.025c0.001-0.001,0.003-0.002,0.003-0.003c0.037-0.04,0.072-0.081,0.104-0.126   c0.01-0.015-0.077-0.029-0.066-0.045c0.033-0.051-0.012-0.104-0.012-0.16v-0.001c0.398-0.009,0.107-0.016,0.111-0.024l8.098-19.23   C126.748,98.17,126.773,97.781,126.591,97.459z M116.756,115.954l-0.018,0.044l-0.032,0.076l-100.332-1.041L4.144,99.652   l84.458,0.965c0.123,0,0.248-0.03,0.369-0.078c0.041-0.016,0.082-0.027,0.121-0.049c0.47-0.264,0.637-0.859,0.373-1.33l-0.012-0.02   l-22.188-39.02l0.016-0.024l-0.094-0.025l7.938-13.802l41.508,69.699l0.066-0.022l0.031-0.007L76.096,43.472   c-0.088-0.156-0.213-0.288-0.379-0.385c-0.5-0.294-1.143-0.127-1.436,0.374l-0.01,0.018L51.742,82.035h-0.005l-0.093,0.188   l-16.426,0.111l39.704-70.842l-0.049,0.007l-42.44,71.395c-0.052,0.089-0.091,0.161-0.117,0.241   c-0.02,0.063-0.032,0.477-0.033,0.561c-0.004,0.592,0.472,1.34,1.063,1.34h0.021l44.92-0.186l0.249,0.186h0.03l8.27,13.791   L4,99.424L55.196,14.58l19.662-3.079l0.015-0.002l0.05-0.008l0.113-0.018l49.182,86.655L116.756,115.954z M77.186,82.035H54.505   L65.91,62.278L77.186,82.035z"
                />
                <polygon
                  points="51.737,82.24 64.793,59.625 64.796,59.618 64.851,59.522 51.737,82.24"
                />
              </g>
            </svg>
          </Link>,
          <withRouter(Nav)
            paths={undefined}
            specifier=""
          />,
        ],
        "className": "header",
      },
      "ref": null,
      "rendered": Array [
        Object {
          "instance": null,
          "key": undefined,
          "nodeType": "class",
          "props": Object {
            "children": <svg
              className="header__logo"
              version="1.1"
              viewBox="0 0 130 130"
              x="0px"
              y="0px"
            >
              <g>
                <path
                  className="header__logo-path"
                  d="M126.591,97.459L76.709,9.571c-0.01-0.016-0.021-0.029-0.03-0.045c-0.013-0.019-0.025-0.038-0.038-0.057   c-0.031-0.043-0.064-0.083-0.1-0.122c-0.01-0.01-0.017-0.022-0.027-0.033c-0.004-0.004-0.01-0.007-0.013-0.011   c-0.058-0.056-0.122-0.102-0.188-0.145c-0.242-0.156-0.534-0.227-0.83-0.18L54.275,12.3c-0.349,0.055-0.657,0.261-0.839,0.564   L1.453,99.014c-0.03,0.05-0.055,0.102-0.077,0.154c-0.001,0.002-0.002,0.005-0.004,0.008c-0.027,0.066-0.047,0.135-0.063,0.205   c-0.004,0.021-0.007,0.041-0.01,0.063c-0.008,0.049-0.014,0.098-0.015,0.147c0,0.015-0.004,0.028-0.004,0.043   c0,0.013,0.003,0.024,0.004,0.036c0.001,0.051,0.007,0.102,0.016,0.151c0.003,0.019,0.003,0.038,0.007,0.058   c0.015,0.068,0.035,0.134,0.061,0.198c0.007,0.019,0.017,0.036,0.025,0.054c0.021,0.047,0.045,0.092,0.072,0.135   c0.014,0.022,0.029,0.045,0.045,0.066c0.002,0.004,0.005,0.006,0.008,0.01c0.008,0.013,0.016,0.025,0.024,0.037l13.316,16.665   c0.225,0.282,0.563,0.727,0.924,0.729l101.706,1.262c0,0,0.001,0,0.002,0c0.003,0,0.006,0,0.01,0c0.012,0,0.025-0.281,0.038-0.281   c0.057-0.002,0.113-0.147,0.169-0.157c0.023-0.004,0.047-0.08,0.07-0.086c0.048-0.012,0.096-0.061,0.142-0.077   c0.021-0.008,0.04-0.032,0.06-0.041c0.064-0.027,0.127-0.068,0.186-0.107c0,0,0.001-0.006,0.002-0.006   c0.058-0.039,0.109-0.086,0.16-0.135c0.002,0,0.002-0.003,0.004-0.004c0.006-0.005,0.012-0.008,0.016-0.014   c0.008-0.008,0.014-0.017,0.021-0.025c0.001-0.001,0.003-0.002,0.003-0.003c0.037-0.04,0.072-0.081,0.104-0.126   c0.01-0.015-0.077-0.029-0.066-0.045c0.033-0.051-0.012-0.104-0.012-0.16v-0.001c0.398-0.009,0.107-0.016,0.111-0.024l8.098-19.23   C126.748,98.17,126.773,97.781,126.591,97.459z M116.756,115.954l-0.018,0.044l-0.032,0.076l-100.332-1.041L4.144,99.652   l84.458,0.965c0.123,0,0.248-0.03,0.369-0.078c0.041-0.016,0.082-0.027,0.121-0.049c0.47-0.264,0.637-0.859,0.373-1.33l-0.012-0.02   l-22.188-39.02l0.016-0.024l-0.094-0.025l7.938-13.802l41.508,69.699l0.066-0.022l0.031-0.007L76.096,43.472   c-0.088-0.156-0.213-0.288-0.379-0.385c-0.5-0.294-1.143-0.127-1.436,0.374l-0.01,0.018L51.742,82.035h-0.005l-0.093,0.188   l-16.426,0.111l39.704-70.842l-0.049,0.007l-42.44,71.395c-0.052,0.089-0.091,0.161-0.117,0.241   c-0.02,0.063-0.032,0.477-0.033,0.561c-0.004,0.592,0.472,1.34,1.063,1.34h0.021l44.92-0.186l0.249,0.186h0.03l8.27,13.791   L4,99.424L55.196,14.58l19.662-3.079l0.015-0.002l0.05-0.008l0.113-0.018l49.182,86.655L116.756,115.954z M77.186,82.035H54.505   L65.91,62.278L77.186,82.035z"
                />
                <polygon
                  points="51.737,82.24 64.793,59.625 64.796,59.618 64.851,59.522 51.737,82.24"
                />
              </g>
            </svg>,
            "replace": false,
            "to": "/",
          },
          "ref": null,
          "rendered": Object {
            "instance": null,
            "key": undefined,
            "nodeType": "host",
            "props": Object {
              "children": <g>
                <path
                  className="header__logo-path"
                  d="M126.591,97.459L76.709,9.571c-0.01-0.016-0.021-0.029-0.03-0.045c-0.013-0.019-0.025-0.038-0.038-0.057   c-0.031-0.043-0.064-0.083-0.1-0.122c-0.01-0.01-0.017-0.022-0.027-0.033c-0.004-0.004-0.01-0.007-0.013-0.011   c-0.058-0.056-0.122-0.102-0.188-0.145c-0.242-0.156-0.534-0.227-0.83-0.18L54.275,12.3c-0.349,0.055-0.657,0.261-0.839,0.564   L1.453,99.014c-0.03,0.05-0.055,0.102-0.077,0.154c-0.001,0.002-0.002,0.005-0.004,0.008c-0.027,0.066-0.047,0.135-0.063,0.205   c-0.004,0.021-0.007,0.041-0.01,0.063c-0.008,0.049-0.014,0.098-0.015,0.147c0,0.015-0.004,0.028-0.004,0.043   c0,0.013,0.003,0.024,0.004,0.036c0.001,0.051,0.007,0.102,0.016,0.151c0.003,0.019,0.003,0.038,0.007,0.058   c0.015,0.068,0.035,0.134,0.061,0.198c0.007,0.019,0.017,0.036,0.025,0.054c0.021,0.047,0.045,0.092,0.072,0.135   c0.014,0.022,0.029,0.045,0.045,0.066c0.002,0.004,0.005,0.006,0.008,0.01c0.008,0.013,0.016,0.025,0.024,0.037l13.316,16.665   c0.225,0.282,0.563,0.727,0.924,0.729l101.706,1.262c0,0,0.001,0,0.002,0c0.003,0,0.006,0,0.01,0c0.012,0,0.025-0.281,0.038-0.281   c0.057-0.002,0.113-0.147,0.169-0.157c0.023-0.004,0.047-0.08,0.07-0.086c0.048-0.012,0.096-0.061,0.142-0.077   c0.021-0.008,0.04-0.032,0.06-0.041c0.064-0.027,0.127-0.068,0.186-0.107c0,0,0.001-0.006,0.002-0.006   c0.058-0.039,0.109-0.086,0.16-0.135c0.002,0,0.002-0.003,0.004-0.004c0.006-0.005,0.012-0.008,0.016-0.014   c0.008-0.008,0.014-0.017,0.021-0.025c0.001-0.001,0.003-0.002,0.003-0.003c0.037-0.04,0.072-0.081,0.104-0.126   c0.01-0.015-0.077-0.029-0.066-0.045c0.033-0.051-0.012-0.104-0.012-0.16v-0.001c0.398-0.009,0.107-0.016,0.111-0.024l8.098-19.23   C126.748,98.17,126.773,97.781,126.591,97.459z M116.756,115.954l-0.018,0.044l-0.032,0.076l-100.332-1.041L4.144,99.652   l84.458,0.965c0.123,0,0.248-0.03,0.369-0.078c0.041-0.016,0.082-0.027,0.121-0.049c0.47-0.264,0.637-0.859,0.373-1.33l-0.012-0.02   l-22.188-39.02l0.016-0.024l-0.094-0.025l7.938-13.802l41.508,69.699l0.066-0.022l0.031-0.007L76.096,43.472   c-0.088-0.156-0.213-0.288-0.379-0.385c-0.5-0.294-1.143-0.127-1.436,0.374l-0.01,0.018L51.742,82.035h-0.005l-0.093,0.188   l-16.426,0.111l39.704-70.842l-0.049,0.007l-42.44,71.395c-0.052,0.089-0.091,0.161-0.117,0.241   c-0.02,0.063-0.032,0.477-0.033,0.561c-0.004,0.592,0.472,1.34,1.063,1.34h0.021l44.92-0.186l0.249,0.186h0.03l8.27,13.791   L4,99.424L55.196,14.58l19.662-3.079l0.015-0.002l0.05-0.008l0.113-0.018l49.182,86.655L116.756,115.954z M77.186,82.035H54.505   L65.91,62.278L77.186,82.035z"
                />
                <polygon
                  points="51.737,82.24 64.793,59.625 64.796,59.618 64.851,59.522 51.737,82.24"
                />
              </g>,
              "className": "header__logo",
              "version": "1.1",
              "viewBox": "0 0 130 130",
              "x": "0px",
              "y": "0px",
            },
            "ref": null,
            "rendered": Object {
              "instance": null,
              "key": undefined,
              "nodeType": "host",
              "props": Object {
                "children": Array [
                  <path
                    className="header__logo-path"
                    d="M126.591,97.459L76.709,9.571c-0.01-0.016-0.021-0.029-0.03-0.045c-0.013-0.019-0.025-0.038-0.038-0.057   c-0.031-0.043-0.064-0.083-0.1-0.122c-0.01-0.01-0.017-0.022-0.027-0.033c-0.004-0.004-0.01-0.007-0.013-0.011   c-0.058-0.056-0.122-0.102-0.188-0.145c-0.242-0.156-0.534-0.227-0.83-0.18L54.275,12.3c-0.349,0.055-0.657,0.261-0.839,0.564   L1.453,99.014c-0.03,0.05-0.055,0.102-0.077,0.154c-0.001,0.002-0.002,0.005-0.004,0.008c-0.027,0.066-0.047,0.135-0.063,0.205   c-0.004,0.021-0.007,0.041-0.01,0.063c-0.008,0.049-0.014,0.098-0.015,0.147c0,0.015-0.004,0.028-0.004,0.043   c0,0.013,0.003,0.024,0.004,0.036c0.001,0.051,0.007,0.102,0.016,0.151c0.003,0.019,0.003,0.038,0.007,0.058   c0.015,0.068,0.035,0.134,0.061,0.198c0.007,0.019,0.017,0.036,0.025,0.054c0.021,0.047,0.045,0.092,0.072,0.135   c0.014,0.022,0.029,0.045,0.045,0.066c0.002,0.004,0.005,0.006,0.008,0.01c0.008,0.013,0.016,0.025,0.024,0.037l13.316,16.665   c0.225,0.282,0.563,0.727,0.924,0.729l101.706,1.262c0,0,0.001,0,0.002,0c0.003,0,0.006,0,0.01,0c0.012,0,0.025-0.281,0.038-0.281   c0.057-0.002,0.113-0.147,0.169-0.157c0.023-0.004,0.047-0.08,0.07-0.086c0.048-0.012,0.096-0.061,0.142-0.077   c0.021-0.008,0.04-0.032,0.06-0.041c0.064-0.027,0.127-0.068,0.186-0.107c0,0,0.001-0.006,0.002-0.006   c0.058-0.039,0.109-0.086,0.16-0.135c0.002,0,0.002-0.003,0.004-0.004c0.006-0.005,0.012-0.008,0.016-0.014   c0.008-0.008,0.014-0.017,0.021-0.025c0.001-0.001,0.003-0.002,0.003-0.003c0.037-0.04,0.072-0.081,0.104-0.126   c0.01-0.015-0.077-0.029-0.066-0.045c0.033-0.051-0.012-0.104-0.012-0.16v-0.001c0.398-0.009,0.107-0.016,0.111-0.024l8.098-19.23   C126.748,98.17,126.773,97.781,126.591,97.459z M116.756,115.954l-0.018,0.044l-0.032,0.076l-100.332-1.041L4.144,99.652   l84.458,0.965c0.123,0,0.248-0.03,0.369-0.078c0.041-0.016,0.082-0.027,0.121-0.049c0.47-0.264,0.637-0.859,0.373-1.33l-0.012-0.02   l-22.188-39.02l0.016-0.024l-0.094-0.025l7.938-13.802l41.508,69.699l0.066-0.022l0.031-0.007L76.096,43.472   c-0.088-0.156-0.213-0.288-0.379-0.385c-0.5-0.294-1.143-0.127-1.436,0.374l-0.01,0.018L51.742,82.035h-0.005l-0.093,0.188   l-16.426,0.111l39.704-70.842l-0.049,0.007l-42.44,71.395c-0.052,0.089-0.091,0.161-0.117,0.241   c-0.02,0.063-0.032,0.477-0.033,0.561c-0.004,0.592,0.472,1.34,1.063,1.34h0.021l44.92-0.186l0.249,0.186h0.03l8.27,13.791   L4,99.424L55.196,14.58l19.662-3.079l0.015-0.002l0.05-0.008l0.113-0.018l49.182,86.655L116.756,115.954z M77.186,82.035H54.505   L65.91,62.278L77.186,82.035z"
                  />,
                  <polygon
                    points="51.737,82.24 64.793,59.625 64.796,59.618 64.851,59.522 51.737,82.24"
                  />,
                ],
              },
              "ref": null,
              "rendered": Array [
                Object {
                  "instance": null,
                  "key": undefined,
                  "nodeType": "host",
                  "props": Object {
                    "className": "header__logo-path",
                    "d": "M126.591,97.459L76.709,9.571c-0.01-0.016-0.021-0.029-0.03-0.045c-0.013-0.019-0.025-0.038-0.038-0.057   c-0.031-0.043-0.064-0.083-0.1-0.122c-0.01-0.01-0.017-0.022-0.027-0.033c-0.004-0.004-0.01-0.007-0.013-0.011   c-0.058-0.056-0.122-0.102-0.188-0.145c-0.242-0.156-0.534-0.227-0.83-0.18L54.275,12.3c-0.349,0.055-0.657,0.261-0.839,0.564   L1.453,99.014c-0.03,0.05-0.055,0.102-0.077,0.154c-0.001,0.002-0.002,0.005-0.004,0.008c-0.027,0.066-0.047,0.135-0.063,0.205   c-0.004,0.021-0.007,0.041-0.01,0.063c-0.008,0.049-0.014,0.098-0.015,0.147c0,0.015-0.004,0.028-0.004,0.043   c0,0.013,0.003,0.024,0.004,0.036c0.001,0.051,0.007,0.102,0.016,0.151c0.003,0.019,0.003,0.038,0.007,0.058   c0.015,0.068,0.035,0.134,0.061,0.198c0.007,0.019,0.017,0.036,0.025,0.054c0.021,0.047,0.045,0.092,0.072,0.135   c0.014,0.022,0.029,0.045,0.045,0.066c0.002,0.004,0.005,0.006,0.008,0.01c0.008,0.013,0.016,0.025,0.024,0.037l13.316,16.665   c0.225,0.282,0.563,0.727,0.924,0.729l101.706,1.262c0,0,0.001,0,0.002,0c0.003,0,0.006,0,0.01,0c0.012,0,0.025-0.281,0.038-0.281   c0.057-0.002,0.113-0.147,0.169-0.157c0.023-0.004,0.047-0.08,0.07-0.086c0.048-0.012,0.096-0.061,0.142-0.077   c0.021-0.008,0.04-0.032,0.06-0.041c0.064-0.027,0.127-0.068,0.186-0.107c0,0,0.001-0.006,0.002-0.006   c0.058-0.039,0.109-0.086,0.16-0.135c0.002,0,0.002-0.003,0.004-0.004c0.006-0.005,0.012-0.008,0.016-0.014   c0.008-0.008,0.014-0.017,0.021-0.025c0.001-0.001,0.003-0.002,0.003-0.003c0.037-0.04,0.072-0.081,0.104-0.126   c0.01-0.015-0.077-0.029-0.066-0.045c0.033-0.051-0.012-0.104-0.012-0.16v-0.001c0.398-0.009,0.107-0.016,0.111-0.024l8.098-19.23   C126.748,98.17,126.773,97.781,126.591,97.459z M116.756,115.954l-0.018,0.044l-0.032,0.076l-100.332-1.041L4.144,99.652   l84.458,0.965c0.123,0,0.248-0.03,0.369-0.078c0.041-0.016,0.082-0.027,0.121-0.049c0.47-0.264,0.637-0.859,0.373-1.33l-0.012-0.02   l-22.188-39.02l0.016-0.024l-0.094-0.025l7.938-13.802l41.508,69.699l0.066-0.022l0.031-0.007L76.096,43.472   c-0.088-0.156-0.213-0.288-0.379-0.385c-0.5-0.294-1.143-0.127-1.436,0.374l-0.01,0.018L51.742,82.035h-0.005l-0.093,0.188   l-16.426,0.111l39.704-70.842l-0.049,0.007l-42.44,71.395c-0.052,0.089-0.091,0.161-0.117,0.241   c-0.02,0.063-0.032,0.477-0.033,0.561c-0.004,0.592,0.472,1.34,1.063,1.34h0.021l44.92-0.186l0.249,0.186h0.03l8.27,13.791   L4,99.424L55.196,14.58l19.662-3.079l0.015-0.002l0.05-0.008l0.113-0.018l49.182,86.655L116.756,115.954z M77.186,82.035H54.505   L65.91,62.278L77.186,82.035z",
                  },
                  "ref": null,
                  "rendered": null,
                  "type": "path",
                },
                Object {
                  "instance": null,
                  "key": undefined,
                  "nodeType": "host",
                  "props": Object {
                    "points": "51.737,82.24 64.793,59.625 64.796,59.618 64.851,59.522 51.737,82.24",
                  },
                  "ref": null,
                  "rendered": null,
                  "type": "polygon",
                },
              ],
              "type": "g",
            },
            "type": "svg",
          },
          "type": [Function],
        },
        Object {
          "instance": null,
          "key": undefined,
          "nodeType": "function",
          "props": Object {
            "paths": undefined,
            "specifier": "",
          },
          "ref": null,
          "rendered": null,
          "type": [Function],
        },
      ],
      "type": "header",
    },
  ],
  Symbol(enzyme.__options__): Object {
    "adapter": ReactSixteenAdapter {
      "options": Object {
        "enableComponentDidUpdateOnSetState": true,
      },
    },
  },
}
`;
